node.exe : npm verbose cli C:\nvm4w\nodejs\node.exe 
C:\nvm4w\nodejs\node_modules\npm\bin\npm-cli.js
No C:\nvm4w\nodejs\npm.ps1:29 caractere:3
+   & $NODE_EXE $NPM_CLI_JS $args
+   ~~~~~~~~~~~~~~~~~~~~~~~~~~~~~
    + CategoryInfo          : NotSpecified: (npm verbose cli...\bin\npm-cli.js:String) [], Rem 
   oteException
    + FullyQualifiedErrorId : NativeCommandError
 
npm info using npm@10.8.2
npm info using node@v22.7.0
npm verbose title npm test src/__tests__/shopping_complete.test.ts
npm verbose argv "test" "src/__tests__/shopping_complete.test.ts" "--runInBand" 
"--detectOpenHandles" "--loglevel" "verbose"
npm verbose logfile logs-max:10 
dir:C:\Users\plata\AppData\Local\npm-cache\_logs\2025-11-25T12_10_25_473Z-
npm verbose logfile 
C:\Users\plata\AppData\Local\npm-cache\_logs\2025-11-25T12_10_25_473Z-debug-0.log

> my-fin-control-backend@1.0.0 test
> jest src/__tests__/shopping_complete.test.ts

  console.log
    ­ƒôè Banco de dados: SQLite (Desenvolvimento)

      at Object.<anonymous> (src/server.ts:28:9)

  console.error
    [ERROR] POST /api/v1/auth/register - 500: {
      message: 'table tbl_users has no column named full_name',
      messages: [],
      stack: 'SqliteError: table tbl_users has no column named full_name\n' +
        '    at Database.prepare (C:\\Xand├úo\\node\\my-fin-control-backend\\node_modules\\better-sqlite3\\lib\\methods\\wrappers.js:5:21)\n' +
        '    at Function.querySQLite (C:\\Xand├úo\\node\\my-fin-control-backend\\src\\services\\databaseService.ts:7:23)\n' +
        '    at Function.createUser (C:\\Xand├úo\\node\\my-fin-control-backend\\src\\services\\databaseService.ts:88:27)\n' +
        '    at C:\\Xand├úo\\node\\my-fin-control-backend\\src\\routes\\auth.ts:91:50',
      timestamp: '2025-11-25T12:10:31.386Z'
    }

    [0m [90m 16 |[39m   [36mconst[39m messages [33m=[39m err[33m.[39mmessages [33m||[39m [][33m;[39m
     [90m 17 |[39m
    [31m[1m>[22m[39m[90m 18 |[39m   console[33m.[39merror([32m`[ERROR] ${req.method} ${req.path} - ${statusCode}:`[39m[33m,[39m {
     [90m    |[39m           [31m[1m^[22m[39m
     [90m 19 |[39m     message[33m,[39m
     [90m 20 |[39m     messages[33m,[39m
     [90m 21 |[39m     stack[33m:[39m err[33m.[39mstack[33m,[39m[0m

      at errorHandler (src/middleware/errorHandler.ts:18:11)
      at Layer.handle_error (node_modules/express/lib/router/layer.js:71:5)
      at trim_prefix (node_modules/express/lib/router/index.js:326:13)
      at node_modules/express/lib/router/index.js:286:9
      at Function.process_params (node_modules/express/lib/router/index.js:346:12)
      at next (node_modules/express/lib/router/index.js:280:10)
      at Layer.handle_error (node_modules/express/lib/router/layer.js:67:12)
      at trim_prefix (node_modules/express/lib/router/index.js:326:13)
      at node_modules/express/lib/router/index.js:286:9
      at Function.process_params (node_modules/express/lib/router/index.js:346:12)
      at next (node_modules/express/lib/router/index.js:280:10)
      at node_modules/express/lib/router/index.js:646:15
      at next (node_modules/express/lib/router/index.js:265:14)
      at next (node_modules/express/lib/router/route.js:141:14)
      at src/routes/auth.ts:125:7

  console.error
    [REQUEST] {"method":"POST","url":"/api/v1/auth/register","status":500,"duration":"616ms","ip":"::ffff:127.0.0.1","timestamp":"2025-11-25T12:10:31.413Z"}

    [0m [90m 17 |[39m
     [90m 18 |[39m     [36mif[39m (res[33m.[39mstatusCode [33m>=[39m [35m400[39m) {
    [31m[1m>[22m[39m[90m 19 |[39m       console[33m.[39merror([32m'[REQUEST]'[39m[33m,[39m [33mJSON[39m[33m.[39mstringify(logData))[33m;[39m
     [90m    |[39m               [31m[1m^[22m[39m
     [90m 20 |[39m     } [36melse[39m {
     [90m 21 |[39m       console[33m.[39mlog([32m'[REQUEST]'[39m[33m,[39m [33mJSON[39m[33m.[39mstringify(logData))[33m;[39m
     [90m 22 |[39m     }[0m

      at ServerResponse.<anonymous> (src/middleware/requestLogger.ts:19:15)

  console.error
    [ERROR] POST /api/v1/auth/login - 401: {
      message: 'Credenciais inv├ílidas',
      messages: [],
      stack: 'Error: Credenciais inv├ílidas\n' +
        '    at createError (C:\\Xand├úo\\node\\my-fin-control-backend\\src\\middleware\\errorHandler.ts:37:17)\n' +
        '    at C:\\Xand├úo\\node\\my-fin-control-backend\\src\\routes\\auth.ts:204:30\n' +
        '    at processTicksAndRejections (node:internal/process/task_queues:105:5)',
      timestamp: '2025-11-25T12:10:31.442Z'
    }

    [0m [90m 16 |[39m   [36mconst[39m messages [33m=[39m err[33m.[39mmessages [33m||[39m [][33m;[39m
     [90m 17 |[39m
    [31m[1m>[22m[39m[90m 18 |[39m   console[33m.[39merror([32m`[ERROR] ${req.method} ${req.path} - ${statusCode}:`[39m[33m,[39m {
     [90m    |[39m           [31m[1m^[22m[39m
     [90m 19 |[39m     message[33m,[39m
     [90m 20 |[39m     messages[33m,[39m
     [90m 21 |[39m     stack[33m:[39m err[33m.[39mstack[33m,[39m[0m

      at errorHandler (src/middleware/errorHandler.ts:18:11)
      at Layer.handle_error (node_modules/express/lib/router/layer.js:71:5)
      at trim_prefix (node_modules/express/lib/router/index.js:326:13)
      at node_modules/express/lib/router/index.js:286:9
      at Function.process_params (node_modules/express/lib/router/index.js:346:12)
      at next (node_modules/express/lib/router/index.js:280:10)
      at Layer.handle_error (node_modules/express/lib/router/layer.js:67:12)
      at trim_prefix (node_modules/express/lib/router/index.js:326:13)
      at node_modules/express/lib/router/index.js:286:9
      at Function.process_params (node_modules/express/lib/router/index.js:346:12)
      at next (node_modules/express/lib/router/index.js:280:10)
      at node_modules/express/lib/router/index.js:646:15
      at next (node_modules/express/lib/router/index.js:265:14)
      at next (node_modules/express/lib/router/route.js:141:14)
      at src/routes/auth.ts:204:14

  console.error
    [REQUEST] {"method":"POST","url":"/api/v1/auth/login","status":401,"duration":"14ms","ip":"::ffff:127.0.0.1","timestamp":"2025-11-25T12:10:31.451Z"}

    [0m [90m 17 |[39m
     [90m 18 |[39m     [36mif[39m (res[33m.[39mstatusCode [33m>=[39m [35m400[39m) {
    [31m[1m>[22m[39m[90m 19 |[39m       console[33m.[39merror([32m'[REQUEST]'[39m[33m,[39m [33mJSON[39m[33m.[39mstringify(logData))[33m;[39m
     [90m    |[39m               [31m[1m^[22m[39m
     [90m 20 |[39m     } [36melse[39m {
     [90m 21 |[39m       console[33m.[39mlog([32m'[REQUEST]'[39m[33m,[39m [33mJSON[39m[33m.[39mstringify(logData))[33m;[39m
     [90m 22 |[39m     }[0m

      at ServerResponse.<anonymous> (src/middleware/requestLogger.ts:19:15)

  console.error
    [ERROR] POST /api/v1/shopping/lists - 403: {
      message: 'Token inv├ílido ou expirado',
      messages: [],
      stack: 'Error: Token inv├ílido ou expirado\n' +
        '    at createError (C:\\Xand├úo\\node\\my-fin-control-backend\\src\\middleware\\errorHandler.ts:37:17)\n' +
        '    at authenticateToken (C:\\Xand├úo\\node\\my-fin-control-backend\\src\\middleware\\auth.ts:37:28)\n' +
        '    at Layer.handle [as handle_request] (C:\\Xand├úo\\node\\my-fin-control-backend\\node_modules\\express\\lib\\router\\layer.js:95:5)\n' +
        '    at next (C:\\Xand├úo\\node\\my-fin-control-backend\\node_modules\\express\\lib\\router\\route.js:149:13)\n' +
        '    at Route.dispatch (C:\\Xand├úo\\node\\my-fin-control-backend\\node_modules\\express\\lib\\router\\route.js:119:3)\n' +
        '    at Layer.handle [as handle_request] (C:\\Xand├úo\\node\\my-fin-control-backend\\node_modules\\express\\lib\\router\\layer.js:95:5)\n' +
        '    at C:\\Xand├úo\\node\\my-fin-control-backend\\node_modules\\express\\lib\\router\\index.js:284:15\n' +
        '    at Function.process_params (C:\\Xand├úo\\node\\my-fin-control-backend\\node_modules\\express\\lib\\router\\index.js:346:12)\n' +
        '    at next (C:\\Xand├úo\\node\\my-fin-control-backend\\node_modules\\express\\lib\\router\\index.js:280:10)\n' +
        '    at Function.handle (C:\\Xand├úo\\node\\my-fin-control-backend\\node_modules\\express\\lib\\router\\index.js:175:3)\n' +
        '    at router (C:\\Xand├úo\\node\\my-fin-control-backend\\node_modules\\express\\lib\\router\\index.js:47:12)\n' +
        '    at Layer.handle [as handle_request] (C:\\Xand├úo\\node\\my-fin-control-backend\\node_modules\\express\\lib\\router\\layer.js:95:5)\n' +
        '    at trim_prefix (C:\\Xand├úo\\node\\my-fin-control-backend\\node_modules\\express\\lib\\router\\index.js:328:13)\n' +
        '    at C:\\Xand├úo\\node\\my-fin-control-backend\\node_modules\\express\\lib\\router\\index.js:286:9\n' +
        '    at Function.process_params (C:\\Xand├úo\\node\\my-fin-control-backend\\node_modules\\express\\lib\\router\\index.js:346:12)\n' +
        '    at next (C:\\Xand├úo\\node\\my-fin-control-backend\\node_modules\\express\\lib\\router\\index.js:280:10)\n' +
        '    at requestLogger (C:\\Xand├úo\\node\\my-fin-control-backend\\src\\middleware\\requestLogger.ts:25:3)\n' +
        '    at Layer.handle [as handle_request] (C:\\Xand├úo\\node\\my-fin-control-backend\\node_modules\\express\\lib\\router\\layer.js:95:5)\n' +
        '    at trim_prefix (C:\\Xand├úo\\node\\my-fin-control-backend\\node_modules\\express\\lib\\router\\index.js:328:13)\n' +
        '    at C:\\Xand├úo\\node\\my-fin-control-backend\\node_modules\\express\\lib\\router\\index.js:286:9\n' +
        '    at Function.process_params (C:\\Xand├úo\\node\\my-fin-control-backend\\node_modules\\express\\lib\\router\\index.js:346:12)\n' +
        '    at next (C:\\Xand├úo\\node\\my-fin-control-backend\\node_modules\\express\\lib\\router\\index.js:280:10)\n' +
        '    at urlencodedParser (C:\\Xand├úo\\node\\my-fin-control-backend\\node_modules\\body-parser\\lib\\types\\urlencoded.js:85:7)\n' +
        '    at Layer.handle [as handle_request] (C:\\Xand├úo\\node\\my-fin-control-backend\\node_modules\\express\\lib\\router\\layer.js:95:5)\n' +
        '    at trim_prefix (C:\\Xand├úo\\node\\my-fin-control-backend\\node_modules\\express\\lib\\router\\index.js:328:13)\n' +
        '    at C:\\Xand├úo\\node\\my-fin-control-backend\\node_modules\\express\\lib\\router\\index.js:286:9\n' +
        '    at Function.process_params (C:\\Xand├úo\\node\\my-fin-control-backend\\node_modules\\express\\lib\\router\\index.js:346:12)\n' +
        '    at next (C:\\Xand├úo\\node\\my-fin-control-backend\\node_modules\\express\\lib\\router\\index.js:280:10)\n' +
        '    at C:\\Xand├úo\\node\\my-fin-control-backend\\node_modules\\body-parser\\lib\\read.js:137:5\n' +
        '    at AsyncResource.runInAsyncScope (node:async_hooks:211:14)\n' +
        '    at invokeCallback (C:\\Xand├úo\\node\\my-fin-control-backend\\node_modules\\raw-body\\index.js:238:16)\n' +
        '    at done (C:\\Xand├úo\\node\\my-fin-control-backend\\node_modules\\raw-body\\index.js:227:7)\n' +
        '    at IncomingMessage.onEnd (C:\\Xand├úo\\node\\my-fin-control-backend\\node_modules\\raw-body\\index.js:287:7)\n' +
        '    at IncomingMessage.emit (node:events:520:28)\n' +
        '    at endReadableNT (node:internal/streams/readable:1696:12)\n' +
        '    at processTicksAndRejections (node:internal/process/task_queues:90:21)',
      timestamp: '2025-11-25T12:10:31.479Z'
    }

    [0m [90m 16 |[39m   [36mconst[39m messages [33m=[39m err[33m.[39mmessages [33m||[39m [][33m;[39m
     [90m 17 |[39m
    [31m[1m>[22m[39m[90m 18 |[39m   console[33m.[39merror([32m`[ERROR] ${req.method} ${req.path} - ${statusCode}:`[39m[33m,[39m {
     [90m    |[39m           [31m[1m^[22m[39m
     [90m 19 |[39m     message[33m,[39m
     [90m 20 |[39m     messages[33m,[39m
     [90m 21 |[39m     stack[33m:[39m err[33m.[39mstack[33m,[39m[0m

      at errorHandler (src/middleware/errorHandler.ts:18:11)
      at Layer.handle_error (node_modules/express/lib/router/layer.js:71:5)
      at trim_prefix (node_modules/express/lib/router/index.js:326:13)
      at node_modules/express/lib/router/index.js:286:9
      at Function.process_params (node_modules/express/lib/router/index.js:346:12)
      at next (node_modules/express/lib/router/index.js:280:10)
      at Layer.handle_error (node_modules/express/lib/router/layer.js:67:12)
      at trim_prefix (node_modules/express/lib/router/index.js:326:13)
      at node_modules/express/lib/router/index.js:286:9
      at Function.process_params (node_modules/express/lib/router/index.js:346:12)
      at next (node_modules/express/lib/router/index.js:280:10)
      at node_modules/express/lib/router/index.js:646:15
      at next (node_modules/express/lib/router/index.js:265:14)
      at next (node_modules/express/lib/router/route.js:141:14)
      at Layer.handle_error (node_modules/express/lib/router/layer.js:67:12)
      at next (node_modules/express/lib/router/route.js:147:13)
      at Layer.handle_error (node_modules/express/lib/router/layer.js:67:12)
      at next (node_modules/express/lib/router/route.js:147:13)
      at authenticateToken (src/middleware/auth.ts:37:12)
      at Layer.handle [as handle_request] (node_modules/express/lib/router/layer.js:95:5)
      at next (node_modules/express/lib/router/route.js:149:13)
      at Route.dispatch (node_modules/express/lib/router/route.js:119:3)
      at Layer.handle [as handle_request] (node_modules/express/lib/router/layer.js:95:5)
      at node_modules/express/lib/router/index.js:284:15
      at Function.process_params (node_modules/express/lib/router/index.js:346:12)
      at next (node_modules/express/lib/router/index.js:280:10)
      at Function.handle (node_modules/express/lib/router/index.js:175:3)
      at router (node_modules/express/lib/router/index.js:47:12)
      at Layer.handle [as handle_request] (node_modules/express/lib/router/layer.js:95:5)
      at trim_prefix (node_modules/express/lib/router/index.js:328:13)
      at node_modules/express/lib/router/index.js:286:9
      at Function.process_params (node_modules/express/lib/router/index.js:346:12)
      at next (node_modules/express/lib/router/index.js:280:10)
      at requestLogger (src/middleware/requestLogger.ts:25:3)
      at Layer.handle [as handle_request] (node_modules/express/lib/router/layer.js:95:5)
      at trim_prefix (node_modules/express/lib/router/index.js:328:13)
      at node_modules/express/lib/router/index.js:286:9
      at Function.process_params (node_modules/express/lib/router/index.js:346:12)
      at next (node_modules/express/lib/router/index.js:280:10)
      at urlencodedParser (node_modules/body-parser/lib/types/urlencoded.js:85:7)
      at Layer.handle [as handle_request] (node_modules/express/lib/router/layer.js:95:5)
      at trim_prefix (node_modules/express/lib/router/index.js:328:13)
      at node_modules/express/lib/router/index.js:286:9
      at Function.process_params (node_modules/express/lib/router/index.js:346:12)
      at next (node_modules/express/lib/router/index.js:280:10)
      at node_modules/body-parser/lib/read.js:137:5
      at invokeCallback (node_modules/raw-body/index.js:238:16)
      at done (node_modules/raw-body/index.js:227:7)
      at IncomingMessage.onEnd (node_modules/raw-body/index.js:287:7)

  console.error
    [REQUEST] {"method":"POST","url":"/api/v1/shopping/lists","status":403,"duration":"32ms","ip":"::ffff:127.0.0.1","timestamp":"2025-11-25T12:10:31.498Z"}

    [0m [90m 17 |[39m
     [90m 18 |[39m     [36mif[39m (res[33m.[39mstatusCode [33m>=[39m [35m400[39m) {
    [31m[1m>[22m[39m[90m 19 |[39m       console[33m.[39merror([32m'[REQUEST]'[39m[33m,[39m [33mJSON[39m[33m.[39mstringify(logData))[33m;[39m
     [90m    |[39m               [31m[1m^[22m[39m
     [90m 20 |[39m     } [36melse[39m {
     [90m 21 |[39m       console[33m.[39mlog([32m'[REQUEST]'[39m[33m,[39m [33mJSON[39m[33m.[39mstringify(logData))[33m;[39m
     [90m 22 |[39m     }[0m

      at ServerResponse.<anonymous> (src/middleware/requestLogger.ts:19:15)

FAIL src/__tests__/shopping_complete.test.ts
  Shopping list complete creates financial transaction
    ├ù completes list and creates financial transaction (3 ms)

  ÔùÅ Shopping list complete creates financial transaction ÔÇ║ completes list and creates 
financial transaction

    TypeError: Cannot read properties of undefined (reading 'id')

    [0m [90m 26 |[39m       [33m.[39msend({ name[33m:[39m [32m'My Test List'[39m 
})[33m;[39m
     [90m 27 |[39m
    [31m[1m>[22m[39m[90m 28 |[39m     listId [33m=[39m 
res[33m.[39mbody[33m.[39mlist[33m.[39mid[33m;[39m
     [90m    |[39m                            [31m[1m^[22m[39m
     [90m 29 |[39m
     [90m 30 |[39m     [90m// Create a category first[39m
     [90m 31 |[39m     [36mconst[39m categoryRes [33m=[39m [36mawait[39m 
request(app)[0m

      at Object.<anonymous> (src/__tests__/shopping_complete.test.ts:28:28)

Test Suites: 1 failed, 1 total
Tests:       1 failed, 1 total
Snapshots:   0 total
Time:        4.875 s, estimated 14 s
Ran all test suites matching /src\\__tests__\\shopping_complete.test.ts/i.
npm verbose cwd C:\Xand├úo\node\my-fin-control-backend
npm verbose os Windows_NT 10.0.26200
npm verbose node v22.7.0
npm verbose npm  v10.8.2
npm verbose exit 1
npm verbose code 1
